============================= test session starts =============================
platform win32 -- Python 3.13.5, pytest-8.4.1, pluggy-1.6.0 -- E:\personal\c60.ai\.venv\Scripts\python.exe
cachedir: .pytest_cache
Using --randomly-seed=915432444
rootdir: E:\personal\c60.ai
configfile: pyproject.toml
plugins: anyio-4.9.0, nbval-0.11.0, cov-6.2.1, mock-3.14.1, mypy-1.0.1, randomly-3.16.0, testmon-2.1.3, timeout-2.4.0, xdist-3.7.0
collecting ... collected 80 items

tests/test_pipeline_generator.py::test_generate_baseline_pipeline SKIPPEDd/removed) [  1%]
tests/test_pipeline_generator.py::test_model_selection_heuristic_regression SKIPPED [  2%]
tests/test_pipeline_generator.py::test_feature_engineering_heuristic SKIPPED [  3%]
tests/test_pipeline_generator.py::test_feature_selection_heuristic SKIPPED [  5%]
tests/test_pipeline_generator.py::test_handle_missing_values SKIPPED     [  6%]
tests/test_pipeline_generator.py::test_model_selection_heuristic_classification SKIPPED [  7%]
tests/test_evaluator.py::TestEvaluator::test_holdout_evaluation PASSED   [  8%]
tests/test_evaluator.py::TestEvaluator::test_evaluate_regression FAILED  [ 10%]
tests/test_evaluator.py::TestEvaluator::test_custom_metrics FAILED       [ 11%]
tests/test_evaluator.py::TestEvaluator::test_invalid_metric PASSED       [ 12%]
tests/test_evaluator.py::TestEvaluator::test_evaluate_classification FAILED [ 13%]
